<?xml version="1.0" encoding="utf-8" ?>
<result>
	<nb_visits>30</nb_visits>
	<nb_actions>33</nb_actions>
	<nb_visits_converted>28</nb_visits_converted>
	<bounce_count>28</bounce_count>
	<sum_visit_length>305</sum_visit_length>
	<max_actions>3</max_actions>
	<nb_profilable>1</nb_profilable>
	<bounce_rate>93%</bounce_rate>
	<nb_actions_per_visit>1.1</nb_actions_per_visit>
	<avg_time_on_site>10</avg_time_on_site>
</result>