<?xml version="1.0" encoding="utf-8" ?>
<results>
	<result idSite="1">
		<row>
			<label>/isapage</label>
			<nb_visits>1</nb_visits>
			<nb_hits>1</nb_hits>
			<sum_time_spent>0</sum_time_spent>
			<sum_bandwidth>0</sum_bandwidth>
			<nb_hits_with_bandwidth>0</nb_hits_with_bandwidth>
			<min_bandwidth />
			<max_bandwidth />
			<entry_nb_visits>1</entry_nb_visits>
			<entry_nb_actions>1</entry_nb_actions>
			<entry_sum_visit_length>0</entry_sum_visit_length>
			<entry_bounce_count>1</entry_bounce_count>
			<exit_nb_visits>1</exit_nb_visits>
			<avg_bandwidth>0</avg_bandwidth>
			<avg_page_load_time>0</avg_page_load_time>
			<avg_time_on_page>0</avg_time_on_page>
			<bounce_rate>100%</bounce_rate>
			<exit_rate>100%</exit_rate>
			<url>http://example.com/isapage</url>
			<segment>pageUrl==http%253A%252F%252Fexample.com%252Fisapage</segment>
		</row>
		<row>
			<label>yet</label>
			<nb_visits>1</nb_visits>
			<nb_hits>1</nb_hits>
			<sum_time_spent>0</sum_time_spent>
			<sum_bandwidth>0</sum_bandwidth>
			<nb_hits_with_bandwidth>0</nb_hits_with_bandwidth>
			<min_bandwidth />
			<max_bandwidth />
			<entry_nb_visits>1</entry_nb_visits>
			<entry_nb_actions>1</entry_nb_actions>
			<entry_sum_visit_length>0</entry_sum_visit_length>
			<entry_bounce_count>1</entry_bounce_count>
			<exit_nb_visits>1</exit_nb_visits>
			<avg_bandwidth>0</avg_bandwidth>
			<avg_page_load_time>0</avg_page_load_time>
			<avg_time_on_page>0</avg_time_on_page>
			<bounce_rate>100%</bounce_rate>
			<exit_rate>100%</exit_rate>
			<segment>pageUrl=^http%253A%252F%252Fpiwik.net%252Fyet</segment>
			<subtable>
				<row>
					<label>another</label>
					<nb_visits>1</nb_visits>
					<nb_hits>1</nb_hits>
					<sum_time_spent>0</sum_time_spent>
					<sum_bandwidth>0</sum_bandwidth>
					<nb_hits_with_bandwidth>0</nb_hits_with_bandwidth>
					<min_bandwidth />
					<max_bandwidth />
					<entry_nb_visits>1</entry_nb_visits>
					<entry_nb_actions>1</entry_nb_actions>
					<entry_sum_visit_length>0</entry_sum_visit_length>
					<entry_bounce_count>1</entry_bounce_count>
					<exit_nb_visits>1</exit_nb_visits>
					<avg_time_on_page>0</avg_time_on_page>
					<bounce_rate>100%</bounce_rate>
					<exit_rate>100%</exit_rate>
					<segment>pageUrl=^http%253A%252F%252Fpiwik.net%252Fyet%252Fanother</segment>
					<subtable>
						<row>
							<label>/page</label>
							<nb_visits>1</nb_visits>
							<nb_hits>1</nb_hits>
							<sum_time_spent>0</sum_time_spent>
							<sum_bandwidth>0</sum_bandwidth>
							<nb_hits_with_bandwidth>0</nb_hits_with_bandwidth>
							<min_bandwidth />
							<max_bandwidth />
							<entry_nb_visits>1</entry_nb_visits>
							<entry_nb_actions>1</entry_nb_actions>
							<entry_sum_visit_length>0</entry_sum_visit_length>
							<entry_bounce_count>1</entry_bounce_count>
							<exit_nb_visits>1</exit_nb_visits>
							<avg_time_on_page>0</avg_time_on_page>
							<bounce_rate>100%</bounce_rate>
							<exit_rate>100%</exit_rate>
							<url>http://example.com/yet/another/page</url>
							<segment>pageUrl==http%253A%252F%252Fexample.com%252Fyet%252Fanother%252Fpage</segment>
						</row>
					</subtable>
				</row>
			</subtable>
		</row>
	</result>
	<result idSite="2">
		<row>
			<label>/profilablepage</label>
			<nb_visits>1</nb_visits>
			<nb_uniq_visitors>1</nb_uniq_visitors>
			<nb_hits>1</nb_hits>
			<sum_time_spent>0</sum_time_spent>
			<sum_bandwidth>0</sum_bandwidth>
			<nb_hits_with_bandwidth>0</nb_hits_with_bandwidth>
			<min_bandwidth />
			<max_bandwidth />
			<entry_nb_uniq_visitors>1</entry_nb_uniq_visitors>
			<entry_nb_visits>1</entry_nb_visits>
			<entry_nb_actions>1</entry_nb_actions>
			<entry_sum_visit_length>0</entry_sum_visit_length>
			<entry_bounce_count>1</entry_bounce_count>
			<exit_nb_uniq_visitors>1</exit_nb_uniq_visitors>
			<exit_nb_visits>1</exit_nb_visits>
			<avg_bandwidth>0</avg_bandwidth>
			<avg_page_load_time>0</avg_page_load_time>
			<avg_time_on_page>0</avg_time_on_page>
			<bounce_rate>100%</bounce_rate>
			<exit_rate>100%</exit_rate>
			<url>http://example.com/profilablepage</url>
			<segment>pageUrl==http%253A%252F%252Fexample.com%252Fprofilablepage</segment>
		</row>
	</result>
</results>